// Jest Snapshot v1, https://goo.gl/fbAQLP

exports[`List Snapshot test 1`] = `
<body>
  <div>
    <ul
      aria-multiselectable="false"
      aria-orientation="vertical"
      class="lmnt lmnt-list mdc-list lmnt-theme--bg"
      data-evolution="true"
      role="listbox"
    >
      <div
        class="wrapper-list-item"
      >
        <li
          aria-checked="false"
          class="lmnt mdc-list-item lmnt-theme--bg mdc-list-item--with-three-lines lmnt-list-item--wrap "
          role="option"
          tabindex="0"
        >
          <span
            class="mdc-list-item__ripple"
          />
          <span
            class="lmnt mdc-list-item__content"
          >
            <span
              class="lmnt mdc-list-item__overline-text"
            >
              Buyer_offer
            </span>
            <span
              class="lmnt mdc-list-item__primary-text"
            >
              CARL GREEN
            </span>
            <span
              class="lmnt mdc-list-item__secondary-text"
            >
              SQ-20240126-094739 1 products
            </span>
          </span>
          <span
            class="lmnt mdc-list-item__end"
          >
            01/08/2024
          </span>
        </li>
      </div>
      <div
        class="wrapper-list-item"
      >
        <li
          aria-checked="false"
          class="lmnt mdc-list-item lmnt-theme--bg mdc-list-item--with-three-lines lmnt-list-item--wrap "
          role="option"
          tabindex="-1"
        >
          <span
            class="mdc-list-item__ripple"
          />
          <span
            class="lmnt mdc-list-item__content"
          >
            <span
              class="lmnt mdc-list-item__overline-text"
            >
              Buyer_offer
            </span>
            <span
              class="lmnt mdc-list-item__primary-text"
            >
              WeGO GRAND
            </span>
            <span
              class="lmnt mdc-list-item__secondary-text"
            >
              SQ-20240126-094739 1 products
            </span>
          </span>
          <span
            class="lmnt mdc-list-item__end"
          >
            01/08/2024
          </span>
        </li>
      </div>
    </ul>
  </div>
</body>
`;
